
Discarded input sections

 .group         0x00000000        0xc /tmp/ccB7FCUx.o
 .text          0x00000000        0x0 /tmp/ccB7FCUx.o
 .data          0x00000000        0x0 /tmp/ccB7FCUx.o
 .bss           0x00000000        0x0 /tmp/ccB7FCUx.o
 .text._Z19systick_irq_handlerv
                0x00000000        0xc /tmp/ccB7FCUx.o
 .group         0x00000000        0xc /tmp/ccOLmx1u.o
 .group         0x00000000        0xc /tmp/ccOLmx1u.o
 .group         0x00000000        0xc /tmp/ccOLmx1u.o
 .group         0x00000000        0xc /tmp/ccOLmx1u.o
 .group         0x00000000        0xc /tmp/ccOLmx1u.o
 .group         0x00000000        0xc /tmp/ccOLmx1u.o
 .group         0x00000000        0xc /tmp/ccOLmx1u.o
 .group         0x00000000        0xc /tmp/ccOLmx1u.o
 .group         0x00000000        0xc /tmp/ccOLmx1u.o
 .group         0x00000000        0xc /tmp/ccOLmx1u.o
 .group         0x00000000        0xc /tmp/ccOLmx1u.o
 .group         0x00000000        0xc /tmp/ccOLmx1u.o
 .group         0x00000000        0xc /tmp/ccOLmx1u.o
 .group         0x00000000        0xc /tmp/ccOLmx1u.o
 .group         0x00000000        0xc /tmp/ccOLmx1u.o
 .group         0x00000000        0xc /tmp/ccOLmx1u.o
 .group         0x00000000        0xc /tmp/ccOLmx1u.o
 .group         0x00000000        0xc /tmp/ccOLmx1u.o
 .group         0x00000000        0xc /tmp/ccOLmx1u.o
 .group         0x00000000        0xc /tmp/ccOLmx1u.o
 .group         0x00000000        0xc /tmp/ccOLmx1u.o
 .group         0x00000000        0xc /tmp/ccOLmx1u.o
 .group         0x00000000        0xc /tmp/ccOLmx1u.o
 .group         0x00000000        0xc /tmp/ccOLmx1u.o
 .group         0x00000000        0xc /tmp/ccOLmx1u.o
 .group         0x00000000        0xc /tmp/ccOLmx1u.o
 .group         0x00000000        0xc /tmp/ccOLmx1u.o
 .group         0x00000000        0xc /tmp/ccOLmx1u.o
 .text          0x00000000        0x0 /tmp/ccOLmx1u.o
 .data          0x00000000        0x0 /tmp/ccOLmx1u.o
 .bss           0x00000000        0x0 /tmp/ccOLmx1u.o
 .debug_macro   0x00000000      0xcca /tmp/ccOLmx1u.o
 .group         0x00000000        0xc /tmp/ccAdcllP.o
 .group         0x00000000        0xc /tmp/ccAdcllP.o
 .group         0x00000000        0xc /tmp/ccAdcllP.o
 .group         0x00000000        0xc /tmp/ccAdcllP.o
 .group         0x00000000        0x8 /tmp/ccAdcllP.o
 .group         0x00000000        0x8 /tmp/ccAdcllP.o
 .group         0x00000000        0x8 /tmp/ccAdcllP.o
 .group         0x00000000        0x8 /tmp/ccAdcllP.o
 .group         0x00000000        0xc /tmp/ccAdcllP.o
 .group         0x00000000        0xc /tmp/ccAdcllP.o
 .group         0x00000000        0xc /tmp/ccAdcllP.o
 .group         0x00000000        0xc /tmp/ccAdcllP.o
 .group         0x00000000        0xc /tmp/ccAdcllP.o
 .group         0x00000000        0xc /tmp/ccAdcllP.o
 .group         0x00000000        0xc /tmp/ccAdcllP.o
 .group         0x00000000        0xc /tmp/ccAdcllP.o
 .group         0x00000000        0xc /tmp/ccAdcllP.o
 .group         0x00000000        0xc /tmp/ccAdcllP.o
 .group         0x00000000        0xc /tmp/ccAdcllP.o
 .group         0x00000000        0xc /tmp/ccAdcllP.o
 .group         0x00000000        0xc /tmp/ccAdcllP.o
 .group         0x00000000        0xc /tmp/ccAdcllP.o
 .group         0x00000000        0xc /tmp/ccAdcllP.o
 .group         0x00000000        0xc /tmp/ccAdcllP.o
 .group         0x00000000        0xc /tmp/ccAdcllP.o
 .group         0x00000000        0xc /tmp/ccAdcllP.o
 .group         0x00000000        0xc /tmp/ccAdcllP.o
 .group         0x00000000        0xc /tmp/ccAdcllP.o
 .group         0x00000000        0xc /tmp/ccAdcllP.o
 .group         0x00000000        0xc /tmp/ccAdcllP.o
 .group         0x00000000        0xc /tmp/ccAdcllP.o
 .group         0x00000000        0xc /tmp/ccAdcllP.o
 .group         0x00000000        0xc /tmp/ccAdcllP.o
 .group         0x00000000        0xc /tmp/ccAdcllP.o
 .group         0x00000000        0xc /tmp/ccAdcllP.o
 .group         0x00000000        0xc /tmp/ccAdcllP.o
 .text          0x00000000        0x0 /tmp/ccAdcllP.o
 .data          0x00000000        0x0 /tmp/ccAdcllP.o
 .bss           0x00000000        0x0 /tmp/ccAdcllP.o
 .text._ZN4uHAL4GPIO9set_levelEb
                0x00000000       0x24 /tmp/ccAdcllP.o
 .text._ZN4uHAL4GPIO12toggle_levelEv
                0x00000000       0x20 /tmp/ccAdcllP.o
 .text._ZN4uHAL4GPIO9set_levelENS0_4PORTEtb
                0x00000000       0x3c /tmp/ccAdcllP.o
 .debug_macro   0x00000000      0xcca /tmp/ccAdcllP.o
 .debug_macro   0x00000000      0x22c /tmp/ccAdcllP.o
 .debug_macro   0x00000000       0x10 /tmp/ccAdcllP.o
 .debug_macro   0x00000000       0xd6 /tmp/ccAdcllP.o
 .debug_macro   0x00000000       0xed /tmp/ccAdcllP.o
 .debug_macro   0x00000000      0x456 /tmp/ccAdcllP.o
 .debug_macro   0x00000000       0x9a /tmp/ccAdcllP.o
 .debug_macro   0x00000000       0x1f /tmp/ccAdcllP.o
 .debug_macro   0x00000000       0x10 /tmp/ccAdcllP.o
 .debug_macro   0x00000000       0x10 /tmp/ccAdcllP.o
 .debug_macro   0x00000000      0x9b5 /tmp/ccAdcllP.o
 .debug_macro   0x00000000       0x12 /tmp/ccAdcllP.o
 .debug_macro   0x00000000       0x49 /tmp/ccAdcllP.o
 .debug_macro   0x00000000       0x5e /tmp/ccAdcllP.o
 .debug_macro   0x00000000      0xa1e /tmp/ccAdcllP.o
 .debug_macro   0x00000000       0x1c /tmp/ccAdcllP.o
 .debug_macro   0x00000000       0x22 /tmp/ccAdcllP.o
 .debug_macro   0x00000000       0x56 /tmp/ccAdcllP.o
 .debug_macro   0x00000000       0x51 /tmp/ccAdcllP.o
 .debug_macro   0x00000000      0x103 /tmp/ccAdcllP.o
 .debug_macro   0x00000000       0x6a /tmp/ccAdcllP.o
 .debug_macro   0x00000000      0x1df /tmp/ccAdcllP.o
 .debug_macro   0x00000000       0x2e /tmp/ccAdcllP.o
 .debug_macro   0x00000000       0x10 /tmp/ccAdcllP.o
 .debug_macro   0x00000000     0xb881 /tmp/ccAdcllP.o
 .group         0x00000000        0x8 /tmp/cc71MOn3.o
 .group         0x00000000        0x8 /tmp/cc71MOn3.o
 .group         0x00000000        0xc /tmp/cc71MOn3.o
 .group         0x00000000        0xc /tmp/cc71MOn3.o
 .group         0x00000000        0xc /tmp/cc71MOn3.o
 .group         0x00000000        0x8 /tmp/cc71MOn3.o
 .group         0x00000000        0x8 /tmp/cc71MOn3.o
 .group         0x00000000        0x8 /tmp/cc71MOn3.o
 .group         0x00000000        0xc /tmp/cc71MOn3.o
 .group         0x00000000        0xc /tmp/cc71MOn3.o
 .group         0x00000000        0xc /tmp/cc71MOn3.o
 .group         0x00000000        0xc /tmp/cc71MOn3.o
 .group         0x00000000        0xc /tmp/cc71MOn3.o
 .group         0x00000000        0xc /tmp/cc71MOn3.o
 .group         0x00000000        0xc /tmp/cc71MOn3.o
 .group         0x00000000        0xc /tmp/cc71MOn3.o
 .group         0x00000000        0xc /tmp/cc71MOn3.o
 .group         0x00000000        0xc /tmp/cc71MOn3.o
 .group         0x00000000        0xc /tmp/cc71MOn3.o
 .group         0x00000000        0xc /tmp/cc71MOn3.o
 .group         0x00000000        0xc /tmp/cc71MOn3.o
 .group         0x00000000        0xc /tmp/cc71MOn3.o
 .group         0x00000000        0xc /tmp/cc71MOn3.o
 .group         0x00000000        0xc /tmp/cc71MOn3.o
 .group         0x00000000        0xc /tmp/cc71MOn3.o
 .group         0x00000000        0xc /tmp/cc71MOn3.o
 .group         0x00000000        0xc /tmp/cc71MOn3.o
 .group         0x00000000        0xc /tmp/cc71MOn3.o
 .group         0x00000000        0xc /tmp/cc71MOn3.o
 .group         0x00000000        0xc /tmp/cc71MOn3.o
 .group         0x00000000        0xc /tmp/cc71MOn3.o
 .group         0x00000000        0xc /tmp/cc71MOn3.o
 .group         0x00000000        0xc /tmp/cc71MOn3.o
 .group         0x00000000        0xc /tmp/cc71MOn3.o
 .text          0x00000000        0x0 /tmp/cc71MOn3.o
 .data          0x00000000        0x0 /tmp/cc71MOn3.o
 .bss           0x00000000        0x0 /tmp/cc71MOn3.o
 .text._ZN4uHAL7systick8callbackEv
                0x00000000        0xc /tmp/cc71MOn3.o
 .debug_macro   0x00000000      0xcca /tmp/cc71MOn3.o
 .debug_macro   0x00000000       0x1c /tmp/cc71MOn3.o
 .debug_macro   0x00000000       0x22 /tmp/cc71MOn3.o
 .debug_macro   0x00000000       0x56 /tmp/cc71MOn3.o
 .debug_macro   0x00000000       0x51 /tmp/cc71MOn3.o
 .debug_macro   0x00000000      0x103 /tmp/cc71MOn3.o
 .debug_macro   0x00000000       0x6a /tmp/cc71MOn3.o
 .debug_macro   0x00000000      0x1df /tmp/cc71MOn3.o
 .debug_macro   0x00000000       0x10 /tmp/cc71MOn3.o
 .debug_macro   0x00000000      0x22c /tmp/cc71MOn3.o
 .debug_macro   0x00000000       0x10 /tmp/cc71MOn3.o
 .debug_macro   0x00000000       0xd6 /tmp/cc71MOn3.o
 .debug_macro   0x00000000       0xed /tmp/cc71MOn3.o
 .debug_macro   0x00000000      0x456 /tmp/cc71MOn3.o
 .debug_macro   0x00000000      0xa68 /tmp/cc71MOn3.o
 .debug_macro   0x00000000       0x9a /tmp/cc71MOn3.o
 .debug_macro   0x00000000      0xaf8 /tmp/cc71MOn3.o
 .debug_macro   0x00000000       0x1f /tmp/cc71MOn3.o
 .debug_macro   0x00000000       0x10 /tmp/cc71MOn3.o
 .debug_macro   0x00000000      0x9c3 /tmp/cc71MOn3.o
 .debug_macro   0x00000000      0x9b5 /tmp/cc71MOn3.o
 .debug_macro   0x00000000       0x12 /tmp/cc71MOn3.o
 .debug_macro   0x00000000       0x49 /tmp/cc71MOn3.o
 .debug_macro   0x00000000       0x5e /tmp/cc71MOn3.o
 .debug_macro   0x00000000      0xa1e /tmp/cc71MOn3.o
 .debug_macro   0x00000000       0x10 /tmp/cc71MOn3.o

Memory Configuration

Name             Origin             Length             Attributes
flash            0x08000000         0x00080000         xr
sram             0x20000000         0x00017000         xrw
*default*        0x00000000         0xffffffff

Linker script and memory map

LOAD /tmp/ccB7FCUx.o
LOAD /tmp/ccOLmx1u.o
LOAD /tmp/ccAdcllP.o
LOAD /tmp/cc71MOn3.o
LOAD /usr/bin/../lib/gcc/arm-none-eabi/15.2.1/../../../../arm-none-eabi/lib/thumb/v7e-m+fp/hard/libc_nano.a
LOAD /usr/bin/../lib/gcc/arm-none-eabi/15.2.1/thumb/v7e-m+fp/hard/libgcc.a
                0x20017000                        _estack = (ORIGIN (sram) + LENGTH (sram))

.vectors        0x08000000      0x1ac
 *(.vectors)
 .vectors       0x08000000      0x1ac /tmp/ccB7FCUx.o

.text           0x080001ac      0x714
 *(.text*)
 .text._reset   0x080001ac       0x44 /tmp/ccB7FCUx.o
                0x080001ac                _reset
 .text._ZN4uHAL7systick8callbackEv
                0x080001f0       0x10 /tmp/ccOLmx1u.o
                0x080001f0                uHAL::systick::callback()
 .text.main     0x08000200       0x3e /tmp/ccOLmx1u.o
                0x08000200                main
 .text._ZN4uHAL4GPIOC2ENS0_4PORTEtNS0_4MODEENS0_5OTYPEENS0_6OSPEEDENS0_4PUPDE
                0x0800023e       0x40 /tmp/ccAdcllP.o
                0x0800023e                uHAL::GPIO::GPIO(uHAL::GPIO::PORT, unsigned short, uHAL::GPIO::MODE, uHAL::GPIO::OTYPE, uHAL::GPIO::OSPEED, uHAL::GPIO::PUPD)
                0x0800023e                uHAL::GPIO::GPIO(uHAL::GPIO::PORT, unsigned short, uHAL::GPIO::MODE, uHAL::GPIO::OTYPE, uHAL::GPIO::OSPEED, uHAL::GPIO::PUPD)
 *fill*         0x0800027e        0x2 
 .text._ZN4uHAL4GPIO9configureEv
                0x08000280       0x68 /tmp/ccAdcllP.o
                0x08000280                uHAL::GPIO::configure()
 .text._ZN4uHAL4GPIO13create_outputENS0_4PORTEtNS0_5OTYPEENS0_6OSPEEDE
                0x080002e8       0x30 /tmp/ccAdcllP.o
                0x080002e8                uHAL::GPIO::create_output(uHAL::GPIO::PORT, unsigned short, uHAL::GPIO::OTYPE, uHAL::GPIO::OSPEED)
 .text._ZN4uHAL4GPIO12toggle_levelENS0_4PORTEt
                0x08000318       0x38 /tmp/ccAdcllP.o
                0x08000318                uHAL::GPIO::toggle_level(uHAL::GPIO::PORT, unsigned short)
 .text._ZN4uHAL4GPIO12get_port_ptrENS0_4PORTE
                0x08000350       0x84 /tmp/ccAdcllP.o
                0x08000350                uHAL::GPIO::get_port_ptr(uHAL::GPIO::PORT)
 .text._ZN4uHAL4GPIO12set_propertyINS0_4MODEEEEvNS0_4PORTEtT_
                0x080003d4       0x90 /tmp/ccAdcllP.o
                0x080003d4                void uHAL::GPIO::set_property<uHAL::GPIO::MODE>(uHAL::GPIO::PORT, unsigned short, uHAL::GPIO::MODE)
 .text._ZN4uHAL4GPIO12set_propertyINS0_5OTYPEEEEvNS0_4PORTEtT_
                0x08000464       0x9a /tmp/ccAdcllP.o
                0x08000464                void uHAL::GPIO::set_property<uHAL::GPIO::OTYPE>(uHAL::GPIO::PORT, unsigned short, uHAL::GPIO::OTYPE)
 .text._ZN4uHAL4GPIO12set_propertyINS0_6OSPEEDEEEvNS0_4PORTEtT_
                0x080004fe       0x92 /tmp/ccAdcllP.o
                0x080004fe                void uHAL::GPIO::set_property<uHAL::GPIO::OSPEED>(uHAL::GPIO::PORT, unsigned short, uHAL::GPIO::OSPEED)
 .text._ZN4uHAL4GPIO12set_propertyINS0_4PUPDEEEvNS0_4PORTEtT_
                0x08000590       0x92 /tmp/ccAdcllP.o
                0x08000590                void uHAL::GPIO::set_property<uHAL::GPIO::PUPD>(uHAL::GPIO::PORT, unsigned short, uHAL::GPIO::PUPD)
 .text._ZSt13to_underlyingIN4uHAL4GPIO4MODEEENSt15underlying_typeIT_E4typeES4_
                0x08000622       0x14 /tmp/ccAdcllP.o
                0x08000622                std::underlying_type<uHAL::GPIO::MODE>::type std::to_underlying<uHAL::GPIO::MODE>(uHAL::GPIO::MODE)
 .text._ZSt13to_underlyingIN4uHAL4GPIO5OTYPEEENSt15underlying_typeIT_E4typeES4_
                0x08000636       0x14 /tmp/ccAdcllP.o
                0x08000636                std::underlying_type<uHAL::GPIO::OTYPE>::type std::to_underlying<uHAL::GPIO::OTYPE>(uHAL::GPIO::OTYPE)
 .text._ZSt13to_underlyingIN4uHAL4GPIO6OSPEEDEENSt15underlying_typeIT_E4typeES4_
                0x0800064a       0x14 /tmp/ccAdcllP.o
                0x0800064a                std::underlying_type<uHAL::GPIO::OSPEED>::type std::to_underlying<uHAL::GPIO::OSPEED>(uHAL::GPIO::OSPEED)
 .text._ZSt13to_underlyingIN4uHAL4GPIO4PUPDEENSt15underlying_typeIT_E4typeES4_
                0x0800065e       0x14 /tmp/ccAdcllP.o
                0x0800065e                std::underlying_type<uHAL::GPIO::PUPD>::type std::to_underlying<uHAL::GPIO::PUPD>(uHAL::GPIO::PUPD)
 .text._ZN4uHAL3BITEj
                0x08000672       0x1a /tmp/cc71MOn3.o
                0x08000672                uHAL::BIT(unsigned int)
 .text._ZN4uHAL7systickC2EmNS0_9CLKSOURCEENS0_7TICKINTENS0_6ENABLEE
                0x0800068c       0x36 /tmp/cc71MOn3.o
                0x0800068c                uHAL::systick::systick(unsigned long, uHAL::systick::CLKSOURCE, uHAL::systick::TICKINT, uHAL::systick::ENABLE)
                0x0800068c                uHAL::systick::systick(unsigned long, uHAL::systick::CLKSOURCE, uHAL::systick::TICKINT, uHAL::systick::ENABLE)
 *fill*         0x080006c2        0x2 
 .text._ZN4uHAL7systick9configureEv
                0x080006c4       0x5c /tmp/cc71MOn3.o
                0x080006c4                uHAL::systick::configure()
 .text._ZN4uHAL7systick9period_msEm
                0x08000720       0x48 /tmp/cc71MOn3.o
                0x08000720                uHAL::systick::period_ms(unsigned long)
 .text._Z19systick_irq_handlerv
                0x08000768        0xc /tmp/cc71MOn3.o
                0x08000768                systick_irq_handler()
 .text._ZN4uHAL7systick12set_propertyImEEvT_
                0x08000774       0x38 /tmp/cc71MOn3.o
                0x08000774                void uHAL::systick::set_property<unsigned long>(unsigned long)
 .text._ZN4uHAL7systick12set_propertyINS0_9CLKSOURCEEEEvT_
                0x080007ac       0x48 /tmp/cc71MOn3.o
                0x080007ac                void uHAL::systick::set_property<uHAL::systick::CLKSOURCE>(uHAL::systick::CLKSOURCE)
 .text._ZN4uHAL7systick12set_propertyINS0_7TICKINTEEEvT_
                0x080007f4       0x48 /tmp/cc71MOn3.o
                0x080007f4                void uHAL::systick::set_property<uHAL::systick::TICKINT>(uHAL::systick::TICKINT)
 .text._ZN4uHAL7systick12set_propertyINS0_6ENABLEEEEvT_
                0x0800083c       0x48 /tmp/cc71MOn3.o
                0x0800083c                void uHAL::systick::set_property<uHAL::systick::ENABLE>(uHAL::systick::ENABLE)
 .text._ZSt13to_underlyingIN4uHAL7systick9CLKSOURCEEENSt15underlying_typeIT_E4typeES4_
                0x08000884       0x14 /tmp/cc71MOn3.o
                0x08000884                std::underlying_type<uHAL::systick::CLKSOURCE>::type std::to_underlying<uHAL::systick::CLKSOURCE>(uHAL::systick::CLKSOURCE)
 .text._ZSt13to_underlyingIN4uHAL7systick7TICKINTEENSt15underlying_typeIT_E4typeES4_
                0x08000898       0x14 /tmp/cc71MOn3.o
                0x08000898                std::underlying_type<uHAL::systick::TICKINT>::type std::to_underlying<uHAL::systick::TICKINT>(uHAL::systick::TICKINT)
 .text._ZSt13to_underlyingIN4uHAL7systick6ENABLEEENSt15underlying_typeIT_E4typeES4_
                0x080008ac       0x14 /tmp/cc71MOn3.o
                0x080008ac                std::underlying_type<uHAL::systick::ENABLE>::type std::to_underlying<uHAL::systick::ENABLE>(uHAL::systick::ENABLE)

.glue_7         0x080008c0        0x0
 .glue_7        0x080008c0        0x0 linker stubs

.glue_7t        0x080008c0        0x0
 .glue_7t       0x080008c0        0x0 linker stubs

.vfp11_veneer   0x080008c0        0x0
 .vfp11_veneer  0x080008c0        0x0 linker stubs

.v4_bx          0x080008c0        0x0
 .v4_bx         0x080008c0        0x0 linker stubs

.iplt           0x080008c0        0x0
 .iplt          0x080008c0        0x0 /tmp/ccB7FCUx.o

.rel.dyn        0x080008c0        0x0
 .rel.iplt      0x080008c0        0x0 /tmp/ccB7FCUx.o

.rodata
 *(.rodata*)

.data           0x20000000        0x0 load address 0x080008c0
                0x20000000                        _sdata = .
 *(.first_data)
 *(.data SORT_BY_NAME(.data.*))
                0x20000000                        _edata = .
                0x080008c0                        _sidata = LOADADDR (.data)

.igot.plt       0x20000000        0x0 load address 0x080008c0
 .igot.plt      0x20000000        0x0 /tmp/ccB7FCUx.o

.bss            0x20000000        0x0 load address 0x080008c0
                0x20000000                        _sbss = .
 *(.bss SORT_BY_NAME(.bss.*) COMMON)
                0x20000000                        _ebss = .
                0x20000000                        . = ALIGN (0x8)
                0x20000000                        _end = .
OUTPUT(build/firmware.elf elf32-littlearm)
LOAD linker stubs

.debug_info     0x00000000     0x1bfc
 .debug_info    0x00000000      0x12b /tmp/ccB7FCUx.o
 .debug_info    0x0000012b      0x5d0 /tmp/ccOLmx1u.o
 .debug_info    0x000006fb      0xdb7 /tmp/ccAdcllP.o
 .debug_info    0x000014b2      0x74a /tmp/cc71MOn3.o

.debug_abbrev   0x00000000      0xa5e
 .debug_abbrev  0x00000000       0xef /tmp/ccB7FCUx.o
 .debug_abbrev  0x000000ef      0x275 /tmp/ccOLmx1u.o
 .debug_abbrev  0x00000364      0x374 /tmp/ccAdcllP.o
 .debug_abbrev  0x000006d8      0x386 /tmp/cc71MOn3.o

.debug_aranges  0x00000000      0x168
 .debug_aranges
                0x00000000       0x28 /tmp/ccB7FCUx.o
 .debug_aranges
                0x00000028       0x28 /tmp/ccOLmx1u.o
 .debug_aranges
                0x00000050       0x98 /tmp/ccAdcllP.o
 .debug_aranges
                0x000000e8       0x80 /tmp/cc71MOn3.o

.debug_rnglists
                0x00000000       0xff
 .debug_rnglists
                0x00000000       0x19 /tmp/ccB7FCUx.o
 .debug_rnglists
                0x00000019       0x19 /tmp/ccOLmx1u.o
 .debug_rnglists
                0x00000032       0x72 /tmp/ccAdcllP.o
 .debug_rnglists
                0x000000a4       0x5b /tmp/cc71MOn3.o

.debug_macro    0x00000000    0x129b2
 .debug_macro   0x00000000       0x11 /tmp/ccB7FCUx.o
 .debug_macro   0x00000011      0xcca /tmp/ccB7FCUx.o
 .debug_macro   0x00000cdb      0x18f /tmp/ccOLmx1u.o
 .debug_macro   0x00000e6a       0x1c /tmp/ccOLmx1u.o
 .debug_macro   0x00000e86       0x22 /tmp/ccOLmx1u.o
 .debug_macro   0x00000ea8       0x56 /tmp/ccOLmx1u.o
 .debug_macro   0x00000efe       0x51 /tmp/ccOLmx1u.o
 .debug_macro   0x00000f4f      0x103 /tmp/ccOLmx1u.o
 .debug_macro   0x00001052       0x6a /tmp/ccOLmx1u.o
 .debug_macro   0x000010bc      0x1df /tmp/ccOLmx1u.o
 .debug_macro   0x0000129b       0x10 /tmp/ccOLmx1u.o
 .debug_macro   0x000012ab      0x22c /tmp/ccOLmx1u.o
 .debug_macro   0x000014d7       0x10 /tmp/ccOLmx1u.o
 .debug_macro   0x000014e7       0xd6 /tmp/ccOLmx1u.o
 .debug_macro   0x000015bd       0xed /tmp/ccOLmx1u.o
 .debug_macro   0x000016aa      0x456 /tmp/ccOLmx1u.o
 .debug_macro   0x00001b00      0xa68 /tmp/ccOLmx1u.o
 .debug_macro   0x00002568       0x9a /tmp/ccOLmx1u.o
 .debug_macro   0x00002602      0xaf8 /tmp/ccOLmx1u.o
 .debug_macro   0x000030fa       0x1f /tmp/ccOLmx1u.o
 .debug_macro   0x00003119       0x10 /tmp/ccOLmx1u.o
 .debug_macro   0x00003129      0x9c3 /tmp/ccOLmx1u.o
 .debug_macro   0x00003aec      0x9b5 /tmp/ccOLmx1u.o
 .debug_macro   0x000044a1       0x12 /tmp/ccOLmx1u.o
 .debug_macro   0x000044b3       0x49 /tmp/ccOLmx1u.o
 .debug_macro   0x000044fc       0x5e /tmp/ccOLmx1u.o
 .debug_macro   0x0000455a      0xa1e /tmp/ccOLmx1u.o
 .debug_macro   0x00004f78       0x2e /tmp/ccOLmx1u.o
 .debug_macro   0x00004fa6       0x10 /tmp/ccOLmx1u.o
 .debug_macro   0x00004fb6     0xb881 /tmp/ccOLmx1u.o
 .debug_macro   0x00010837      0x181 /tmp/ccAdcllP.o
 .debug_macro   0x000109b8      0xaff /tmp/ccAdcllP.o
 .debug_macro   0x000114b7      0x9ca /tmp/ccAdcllP.o
 .debug_macro   0x00011e81      0x9c3 /tmp/ccAdcllP.o
 .debug_macro   0x00012844      0x16e /tmp/cc71MOn3.o

.debug_line     0x00000000     0x10bc
 .debug_line    0x00000000       0xa0 /tmp/ccB7FCUx.o
 .debug_line    0x000000a0      0x3b7 /tmp/ccOLmx1u.o
 .debug_line    0x00000457      0x6e1 /tmp/ccAdcllP.o
 .debug_line    0x00000b38      0x584 /tmp/cc71MOn3.o

.debug_str      0x00000000    0x5015a
 .debug_str     0x00000000    0x5015a /tmp/ccB7FCUx.o
                               0x38b8 (size before relaxing)
 .debug_str     0x0005015a        0x0 /tmp/ccOLmx1u.o
                              0x4f914 (size before relaxing)
 .debug_str     0x0005015a        0x0 /tmp/ccAdcllP.o
                              0x4fd4b (size before relaxing)
 .debug_str     0x0005015a        0x0 /tmp/cc71MOn3.o
                               0xb7be (size before relaxing)

.comment        0x00000000       0x45
 .comment       0x00000000       0x45 /tmp/ccB7FCUx.o
                                 0x46 (size before relaxing)
 .comment       0x00000045        0x0 /tmp/ccOLmx1u.o
                                 0x46 (size before relaxing)
 .comment       0x00000045        0x0 /tmp/ccAdcllP.o
                                 0x46 (size before relaxing)
 .comment       0x00000045        0x0 /tmp/cc71MOn3.o
                                 0x46 (size before relaxing)

.ARM.attributes
                0x00000000       0x34
 .ARM.attributes
                0x00000000       0x34 /tmp/ccB7FCUx.o
 .ARM.attributes
                0x00000034       0x34 /tmp/ccOLmx1u.o
 .ARM.attributes
                0x00000068       0x34 /tmp/ccAdcllP.o
 .ARM.attributes
                0x0000009c       0x34 /tmp/cc71MOn3.o

.debug_frame    0x00000000      0x4e8
 .debug_frame   0x00000000       0x40 /tmp/ccB7FCUx.o
 .debug_frame   0x00000040       0x50 /tmp/ccOLmx1u.o
 .debug_frame   0x00000090      0x268 /tmp/ccAdcllP.o
 .debug_frame   0x000002f8      0x1f0 /tmp/cc71MOn3.o
