
Discarded input sections

 .group         0x00000000        0xc /tmp/cc8KbJxL.o
 .group         0x00000000        0xc /tmp/cc8KbJxL.o
 .group         0x00000000        0xc /tmp/cc8KbJxL.o
 .group         0x00000000        0xc /tmp/cc8KbJxL.o
 .group         0x00000000        0xc /tmp/cc8KbJxL.o
 .group         0x00000000        0xc /tmp/cc8KbJxL.o
 .group         0x00000000        0xc /tmp/cc8KbJxL.o
 .group         0x00000000        0xc /tmp/cc8KbJxL.o
 .group         0x00000000        0xc /tmp/cc8KbJxL.o
 .group         0x00000000        0xc /tmp/cc8KbJxL.o
 .group         0x00000000        0xc /tmp/cc8KbJxL.o
 .group         0x00000000        0xc /tmp/cc8KbJxL.o
 .group         0x00000000        0xc /tmp/cc8KbJxL.o
 .group         0x00000000        0xc /tmp/cc8KbJxL.o
 .group         0x00000000        0xc /tmp/cc8KbJxL.o
 .group         0x00000000        0xc /tmp/cc8KbJxL.o
 .group         0x00000000        0xc /tmp/cc8KbJxL.o
 .group         0x00000000        0xc /tmp/cc8KbJxL.o
 .group         0x00000000        0xc /tmp/cc8KbJxL.o
 .group         0x00000000        0xc /tmp/cc8KbJxL.o
 .group         0x00000000        0xc /tmp/cc8KbJxL.o
 .group         0x00000000        0xc /tmp/cc8KbJxL.o
 .group         0x00000000        0xc /tmp/cc8KbJxL.o
 .group         0x00000000        0xc /tmp/cc8KbJxL.o
 .group         0x00000000        0xc /tmp/cc8KbJxL.o
 .group         0x00000000        0xc /tmp/cc8KbJxL.o
 .text          0x00000000        0x0 /tmp/cc8KbJxL.o
 .data          0x00000000        0x0 /tmp/cc8KbJxL.o
 .bss           0x00000000        0x0 /tmp/cc8KbJxL.o
 .group         0x00000000        0xc /tmp/ccLojFoD.o
 .group         0x00000000        0xc /tmp/ccLojFoD.o
 .group         0x00000000        0xc /tmp/ccLojFoD.o
 .group         0x00000000        0xc /tmp/ccLojFoD.o
 .group         0x00000000        0x8 /tmp/ccLojFoD.o
 .group         0x00000000        0x8 /tmp/ccLojFoD.o
 .group         0x00000000        0x8 /tmp/ccLojFoD.o
 .group         0x00000000        0x8 /tmp/ccLojFoD.o
 .group         0x00000000        0xc /tmp/ccLojFoD.o
 .group         0x00000000        0xc /tmp/ccLojFoD.o
 .group         0x00000000        0xc /tmp/ccLojFoD.o
 .group         0x00000000        0xc /tmp/ccLojFoD.o
 .group         0x00000000        0xc /tmp/ccLojFoD.o
 .group         0x00000000        0xc /tmp/ccLojFoD.o
 .group         0x00000000        0xc /tmp/ccLojFoD.o
 .group         0x00000000        0xc /tmp/ccLojFoD.o
 .group         0x00000000        0xc /tmp/ccLojFoD.o
 .group         0x00000000        0xc /tmp/ccLojFoD.o
 .group         0x00000000        0xc /tmp/ccLojFoD.o
 .group         0x00000000        0xc /tmp/ccLojFoD.o
 .group         0x00000000        0xc /tmp/ccLojFoD.o
 .group         0x00000000        0xc /tmp/ccLojFoD.o
 .group         0x00000000        0xc /tmp/ccLojFoD.o
 .group         0x00000000        0xc /tmp/ccLojFoD.o
 .group         0x00000000        0xc /tmp/ccLojFoD.o
 .group         0x00000000        0xc /tmp/ccLojFoD.o
 .group         0x00000000        0xc /tmp/ccLojFoD.o
 .group         0x00000000        0xc /tmp/ccLojFoD.o
 .group         0x00000000        0xc /tmp/ccLojFoD.o
 .group         0x00000000        0xc /tmp/ccLojFoD.o
 .group         0x00000000        0xc /tmp/ccLojFoD.o
 .group         0x00000000        0xc /tmp/ccLojFoD.o
 .group         0x00000000        0xc /tmp/ccLojFoD.o
 .group         0x00000000        0xc /tmp/ccLojFoD.o
 .text          0x00000000        0x0 /tmp/ccLojFoD.o
 .data          0x00000000        0x0 /tmp/ccLojFoD.o
 .bss           0x00000000        0x0 /tmp/ccLojFoD.o
 .text._ZN4uHAL4GPIO9set_levelENS0_4PORTEtb
                0x00000000       0x3c /tmp/ccLojFoD.o
 .debug_macro   0x00000000      0xcca /tmp/ccLojFoD.o
 .debug_macro   0x00000000      0x22c /tmp/ccLojFoD.o
 .debug_macro   0x00000000       0x10 /tmp/ccLojFoD.o
 .debug_macro   0x00000000       0xd6 /tmp/ccLojFoD.o
 .debug_macro   0x00000000       0xed /tmp/ccLojFoD.o
 .debug_macro   0x00000000      0x456 /tmp/ccLojFoD.o
 .debug_macro   0x00000000       0x9a /tmp/ccLojFoD.o
 .debug_macro   0x00000000       0x1f /tmp/ccLojFoD.o
 .debug_macro   0x00000000       0x10 /tmp/ccLojFoD.o
 .debug_macro   0x00000000       0x10 /tmp/ccLojFoD.o
 .debug_macro   0x00000000      0x9b5 /tmp/ccLojFoD.o
 .debug_macro   0x00000000       0x12 /tmp/ccLojFoD.o
 .debug_macro   0x00000000       0x49 /tmp/ccLojFoD.o
 .debug_macro   0x00000000       0x5e /tmp/ccLojFoD.o
 .debug_macro   0x00000000      0xa1e /tmp/ccLojFoD.o
 .debug_macro   0x00000000       0x1c /tmp/ccLojFoD.o
 .debug_macro   0x00000000       0x22 /tmp/ccLojFoD.o
 .debug_macro   0x00000000       0x56 /tmp/ccLojFoD.o
 .debug_macro   0x00000000       0x51 /tmp/ccLojFoD.o
 .debug_macro   0x00000000      0x103 /tmp/ccLojFoD.o
 .debug_macro   0x00000000       0x6a /tmp/ccLojFoD.o
 .debug_macro   0x00000000      0x1df /tmp/ccLojFoD.o
 .debug_macro   0x00000000     0xb8ab /tmp/ccLojFoD.o

Memory Configuration

Name             Origin             Length             Attributes
flash            0x08000000         0x00080000         xr
sram             0x20000000         0x00017000         xrw
*default*        0x00000000         0xffffffff

Linker script and memory map

LOAD /tmp/cc8KbJxL.o
LOAD /tmp/ccLojFoD.o
LOAD /usr/bin/../lib/gcc/arm-none-eabi/15.2.1/../../../../arm-none-eabi/lib/thumb/v7e-m+fp/hard/libc_nano.a
LOAD /usr/bin/../lib/gcc/arm-none-eabi/15.2.1/thumb/v7e-m+fp/hard/libgcc.a
                0x20017000                        _estack = (ORIGIN (sram) + LENGTH (sram))

.vectors        0x08000000      0x1ac
 *(.vectors)
 .vectors       0x08000000      0x1ac /tmp/cc8KbJxL.o

.text           0x080001ac      0x4ee
 *(.text*)
 .text._ZL4spinm
                0x080001ac       0x2a /tmp/cc8KbJxL.o
 *fill*         0x080001d6        0x2 
 .text.main     0x080001d8       0x44 /tmp/cc8KbJxL.o
                0x080001d8                main
 .text._reset   0x0800021c       0x44 /tmp/cc8KbJxL.o
                0x0800021c                _reset
 .text._ZN4uHAL4GPIOC2ENS0_4PORTEtNS0_4MODEENS0_5OTYPEENS0_6OSPEEDENS0_4PUPDE
                0x08000260       0x40 /tmp/ccLojFoD.o
                0x08000260                uHAL::GPIO::GPIO(uHAL::GPIO::PORT, unsigned short, uHAL::GPIO::MODE, uHAL::GPIO::OTYPE, uHAL::GPIO::OSPEED, uHAL::GPIO::PUPD)
                0x08000260                uHAL::GPIO::GPIO(uHAL::GPIO::PORT, unsigned short, uHAL::GPIO::MODE, uHAL::GPIO::OTYPE, uHAL::GPIO::OSPEED, uHAL::GPIO::PUPD)
 .text._ZN4uHAL4GPIO9configureEv
                0x080002a0       0x68 /tmp/ccLojFoD.o
                0x080002a0                uHAL::GPIO::configure()
 .text._ZN4uHAL4GPIO13create_outputENS0_4PORTEtNS0_5OTYPEENS0_6OSPEEDE
                0x08000308       0x30 /tmp/ccLojFoD.o
                0x08000308                uHAL::GPIO::create_output(uHAL::GPIO::PORT, unsigned short, uHAL::GPIO::OTYPE, uHAL::GPIO::OSPEED)
 .text._ZN4uHAL4GPIO12toggle_levelENS0_4PORTEt
                0x08000338       0x38 /tmp/ccLojFoD.o
                0x08000338                uHAL::GPIO::toggle_level(uHAL::GPIO::PORT, unsigned short)
 .text._ZN4uHAL4GPIO12get_port_ptrENS0_4PORTE
                0x08000370       0x84 /tmp/ccLojFoD.o
                0x08000370                uHAL::GPIO::get_port_ptr(uHAL::GPIO::PORT)
 .text._ZN4uHAL4GPIO12set_propertyINS0_4MODEEEENS_5err_tENS0_4PORTEtT_
                0x080003f4       0x92 /tmp/ccLojFoD.o
                0x080003f4                uHAL::err_t uHAL::GPIO::set_property<uHAL::GPIO::MODE>(uHAL::GPIO::PORT, unsigned short, uHAL::GPIO::MODE)
 .text._ZN4uHAL4GPIO12set_propertyINS0_5OTYPEEEENS_5err_tENS0_4PORTEtT_
                0x08000486       0x9c /tmp/ccLojFoD.o
                0x08000486                uHAL::err_t uHAL::GPIO::set_property<uHAL::GPIO::OTYPE>(uHAL::GPIO::PORT, unsigned short, uHAL::GPIO::OTYPE)
 .text._ZN4uHAL4GPIO12set_propertyINS0_6OSPEEDEEENS_5err_tENS0_4PORTEtT_
                0x08000522       0x94 /tmp/ccLojFoD.o
                0x08000522                uHAL::err_t uHAL::GPIO::set_property<uHAL::GPIO::OSPEED>(uHAL::GPIO::PORT, unsigned short, uHAL::GPIO::OSPEED)
 .text._ZN4uHAL4GPIO12set_propertyINS0_4PUPDEEENS_5err_tENS0_4PORTEtT_
                0x080005b6       0x94 /tmp/ccLojFoD.o
                0x080005b6                uHAL::err_t uHAL::GPIO::set_property<uHAL::GPIO::PUPD>(uHAL::GPIO::PORT, unsigned short, uHAL::GPIO::PUPD)
 .text._ZSt13to_underlyingIN4uHAL4GPIO4MODEEENSt15underlying_typeIT_E4typeES4_
                0x0800064a       0x14 /tmp/ccLojFoD.o
                0x0800064a                std::underlying_type<uHAL::GPIO::MODE>::type std::to_underlying<uHAL::GPIO::MODE>(uHAL::GPIO::MODE)
 .text._ZSt13to_underlyingIN4uHAL4GPIO5OTYPEEENSt15underlying_typeIT_E4typeES4_
                0x0800065e       0x14 /tmp/ccLojFoD.o
                0x0800065e                std::underlying_type<uHAL::GPIO::OTYPE>::type std::to_underlying<uHAL::GPIO::OTYPE>(uHAL::GPIO::OTYPE)
 .text._ZSt13to_underlyingIN4uHAL4GPIO6OSPEEDEENSt15underlying_typeIT_E4typeES4_
                0x08000672       0x14 /tmp/ccLojFoD.o
                0x08000672                std::underlying_type<uHAL::GPIO::OSPEED>::type std::to_underlying<uHAL::GPIO::OSPEED>(uHAL::GPIO::OSPEED)
 .text._ZSt13to_underlyingIN4uHAL4GPIO4PUPDEENSt15underlying_typeIT_E4typeES4_
                0x08000686       0x14 /tmp/ccLojFoD.o
                0x08000686                std::underlying_type<uHAL::GPIO::PUPD>::type std::to_underlying<uHAL::GPIO::PUPD>(uHAL::GPIO::PUPD)

.glue_7         0x0800069c        0x0
 .glue_7        0x0800069c        0x0 linker stubs

.glue_7t        0x0800069c        0x0
 .glue_7t       0x0800069c        0x0 linker stubs

.vfp11_veneer   0x0800069c        0x0
 .vfp11_veneer  0x0800069c        0x0 linker stubs

.v4_bx          0x0800069c        0x0
 .v4_bx         0x0800069c        0x0 linker stubs

.iplt           0x0800069c        0x0
 .iplt          0x0800069c        0x0 /tmp/cc8KbJxL.o

.rel.dyn        0x0800069c        0x0
 .rel.iplt      0x0800069c        0x0 /tmp/cc8KbJxL.o

.rodata
 *(.rodata*)

.data           0x20000000        0x0 load address 0x0800069a
                0x20000000                        _sdata = .
 *(.first_data)
 *(.data SORT_BY_NAME(.data.*))
                0x20000000                        _edata = .
                0x0800069a                        _sidata = LOADADDR (.data)

.igot.plt       0x20000000        0x0 load address 0x0800069a
 .igot.plt      0x20000000        0x0 /tmp/cc8KbJxL.o

.bss            0x20000000        0x0 load address 0x0800069a
                0x20000000                        _sbss = .
 *(.bss SORT_BY_NAME(.bss.*) COMMON)
                0x20000000                        _ebss = .
                0x20000000                        . = ALIGN (0x8)
                0x20000000                        _end = .
OUTPUT(build/firmware.elf elf32-littlearm)
LOAD linker stubs

.debug_info     0x00000000     0x129b
 .debug_info    0x00000000      0x520 /tmp/cc8KbJxL.o
 .debug_info    0x00000520      0xd7b /tmp/ccLojFoD.o

.debug_abbrev   0x00000000      0x62f
 .debug_abbrev  0x00000000      0x2a5 /tmp/cc8KbJxL.o
 .debug_abbrev  0x000002a5      0x38a /tmp/ccLojFoD.o

.debug_aranges  0x00000000       0xb8
 .debug_aranges
                0x00000000       0x30 /tmp/cc8KbJxL.o
 .debug_aranges
                0x00000030       0x88 /tmp/ccLojFoD.o

.debug_rnglists
                0x00000000       0x85
 .debug_rnglists
                0x00000000       0x1f /tmp/cc8KbJxL.o
 .debug_rnglists
                0x0000001f       0x66 /tmp/ccLojFoD.o

.debug_macro    0x00000000    0x127eb
 .debug_macro   0x00000000      0x16e /tmp/cc8KbJxL.o
 .debug_macro   0x0000016e      0xcca /tmp/cc8KbJxL.o
 .debug_macro   0x00000e38       0x1c /tmp/cc8KbJxL.o
 .debug_macro   0x00000e54       0x22 /tmp/cc8KbJxL.o
 .debug_macro   0x00000e76       0x56 /tmp/cc8KbJxL.o
 .debug_macro   0x00000ecc       0x51 /tmp/cc8KbJxL.o
 .debug_macro   0x00000f1d      0x103 /tmp/cc8KbJxL.o
 .debug_macro   0x00001020       0x6a /tmp/cc8KbJxL.o
 .debug_macro   0x0000108a      0x1df /tmp/cc8KbJxL.o
 .debug_macro   0x00001269       0x10 /tmp/cc8KbJxL.o
 .debug_macro   0x00001279      0x22c /tmp/cc8KbJxL.o
 .debug_macro   0x000014a5       0x10 /tmp/cc8KbJxL.o
 .debug_macro   0x000014b5       0xd6 /tmp/cc8KbJxL.o
 .debug_macro   0x0000158b       0xed /tmp/cc8KbJxL.o
 .debug_macro   0x00001678      0x456 /tmp/cc8KbJxL.o
 .debug_macro   0x00001ace      0xa68 /tmp/cc8KbJxL.o
 .debug_macro   0x00002536       0x9a /tmp/cc8KbJxL.o
 .debug_macro   0x000025d0      0xaf8 /tmp/cc8KbJxL.o
 .debug_macro   0x000030c8       0x1f /tmp/cc8KbJxL.o
 .debug_macro   0x000030e7       0x10 /tmp/cc8KbJxL.o
 .debug_macro   0x000030f7      0x9c3 /tmp/cc8KbJxL.o
 .debug_macro   0x00003aba      0x9b5 /tmp/cc8KbJxL.o
 .debug_macro   0x0000446f       0x12 /tmp/cc8KbJxL.o
 .debug_macro   0x00004481       0x49 /tmp/cc8KbJxL.o
 .debug_macro   0x000044ca       0x5e /tmp/cc8KbJxL.o
 .debug_macro   0x00004528      0xa1e /tmp/cc8KbJxL.o
 .debug_macro   0x00004f46     0xb8ab /tmp/cc8KbJxL.o
 .debug_macro   0x000107f1      0x16e /tmp/ccLojFoD.o
 .debug_macro   0x0001095f      0xaff /tmp/ccLojFoD.o
 .debug_macro   0x0001145e      0x9ca /tmp/ccLojFoD.o
 .debug_macro   0x00011e28      0x9c3 /tmp/ccLojFoD.o

.debug_line     0x00000000      0xa9a
 .debug_line    0x00000000      0x3eb /tmp/cc8KbJxL.o
 .debug_line    0x000003eb      0x6af /tmp/ccLojFoD.o

.debug_str      0x00000000    0x4fbfa
 .debug_str     0x00000000    0x4fbfa /tmp/cc8KbJxL.o
                              0x4f7b7 (size before relaxing)
 .debug_str     0x0004fbfa        0x0 /tmp/ccLojFoD.o
                              0x4fd93 (size before relaxing)

.comment        0x00000000       0x45
 .comment       0x00000000       0x45 /tmp/cc8KbJxL.o
                                 0x46 (size before relaxing)
 .comment       0x00000045        0x0 /tmp/ccLojFoD.o
                                 0x46 (size before relaxing)

.ARM.attributes
                0x00000000       0x34
 .ARM.attributes
                0x00000000       0x34 /tmp/cc8KbJxL.o
 .ARM.attributes
                0x00000034       0x34 /tmp/ccLojFoD.o

.debug_frame    0x00000000      0x288
 .debug_frame   0x00000000       0x68 /tmp/cc8KbJxL.o
 .debug_frame   0x00000068      0x220 /tmp/ccLojFoD.o
